 mexrect

 Timestamp is 4a40ea92 (Tue Jun 23 10:45:38 2009)

 Preferred load address is 10000000

 Start         Length     Name                   Class
 0001:00000000 0000129cH .text                   CODE
 0002:00000000 000000c8H .idata$5                DATA
 0002:000000c8 00000004H .CRT$XCA                DATA
 0002:000000cc 00000004H .CRT$XCZ                DATA
 0002:000000d0 00000004H .CRT$XIA                DATA
 0002:000000d4 00000004H .CRT$XIAA               DATA
 0002:000000d8 00000004H .CRT$XIZ                DATA
 0002:000000e0 0000029cH .rdata                  DATA
 0002:0000037c 00000004H .rtc$IAA                DATA
 0002:00000380 00000004H .rtc$IZZ                DATA
 0002:00000384 00000004H .rtc$TAA                DATA
 0002:00000388 00000004H .rtc$TZZ                DATA
 0002:00000390 00000064H .xdata$x                DATA
 0002:000003f4 00000064H .idata$2                DATA
 0002:00000458 00000014H .idata$3                DATA
 0002:0000046c 000000c8H .idata$4                DATA
 0002:00000534 0000035eH .idata$6                DATA
 0002:000008a0 0000004dH .edata                  DATA
 0003:00000000 00000010H .data                   DATA
 0003:00000020 00138bacH .bss                    DATA

  Address         Publics by Value              Rva+Base       Lib:Object

 0000:00000000       ___safe_se_handler_table   00000000     <absolute>
 0000:00000000       ___safe_se_handler_count   00000000     <absolute>
 0000:00000000       __except_list              00000000     <absolute>
 0000:00009876       __fltused                  00009876     <absolute>
 0000:00009876       __ldused                   00009876     <absolute>
 0000:00000000       ___ImageBase               10000000     <linker-defined>
 0001:00000000       _MEXFUNCTION               10001000 f   mexrect.obj
 0001:000004c4       _RECT                      100014c4 f   mexrect.obj
 0001:000004d0       _RECT.                     100014d0 f   mexrect.obj
 0001:00000a28       _MXISCOMPLEX               10001a28 f   libmx:libmx.dll
 0001:00000a2e       _MXISNUMERIC               10001a2e f   libmx:libmx.dll
 0001:00000a34       _MXGETM700                 10001a34 f   libmx:libmx.dll
 0001:00000a3a       _MXGETN700                 10001a3a f   libmx:libmx.dll
 0001:00000a40       _MXCREATEDOUBLEMATRIX700   10001a40 f   libmx:libmx.dll
 0001:00000a46       _MXGETPR                   10001a46 f   libmx:libmx.dll
 0001:00000a4c       _MXGETPI                   10001a4c f   libmx:libmx.dll
 0001:00000a52       _MXCOPYPTRTOCOMPLEX16700   10001a52 f   libmx:libmx.dll
 0001:00000a58       _MXCOPYPTRTOREAL8700       10001a58 f   libmx:libmx.dll
 0001:00000a5e       _MXCOPYCOMPLEX16TOPTR700   10001a5e f   libmx:libmx.dll
 0001:00000a64       _MEXERRMSGTXT              10001a64 f   libmex:libmex.dll
 0001:00000a6a       _atan2                     10001a6a f   libmmd:libmmd.dll
 0001:00000a70       _pow                       10001a70 f   libmmd:libmmd.dll
 0001:00000a76       _cexp                      10001a76 f   libmmd:libmmd.dll
 0001:00000acd       __CRT_INIT@12              10001acd f   MSVCRT:crtdll.obj
 0001:00000da6       __DllMainCRTStartup@12     10001da6 f   MSVCRT:crtdll.obj
 0001:00000dc7       ___clean_type_info_names   10001dc7 f   MSVCRT:tncleanup.obj
 0001:00000dd3       __onexit                   10001dd3 f   MSVCRT:atonexit.obj
 0001:00000e78       _atexit                    10001e78 f   MSVCRT:atonexit.obj
 0001:00000e8a       __RTC_Initialize           10001e8a f   MSVCRT:initsect.obj
 0001:00000eae       __RTC_Terminate            10001eae f   MSVCRT:initsect.obj
 0001:00000ee0       __ValidateImageBase        10001ee0 f   MSVCRT:pesect.obj
 0001:00000f10       __FindPESection            10001f10 f   MSVCRT:pesect.obj
 0001:00000f60       __IsNonwritableInCurrentImage 10001f60 f   MSVCRT:pesect.obj
 0001:0000101c       __initterm                 1000201c f   MSVCRT:MSVCR80.dll
 0001:00001022       __initterm_e               10002022 f   MSVCRT:MSVCR80.dll
 0001:00001028       __amsg_exit                10002028 f   MSVCRT:MSVCR80.dll
 0001:0000102e       ___CppXcptFilter           1000202e f   MSVCRT:MSVCR80.dll
 0001:00001034       _DllMain@12                10002034 f   MSVCRT:dllmain.obj
 0001:00001054       __SEH_prolog4              10002054 f   MSVCRT:sehprolg4.obj
 0001:00001099       __SEH_epilog4              10002099 f   MSVCRT:sehprolg4.obj
 0001:000010ad       __except_handler4          100020ad f   MSVCRT:chandler4gs.obj
 0001:000010d0       ___security_init_cookie    100020d0 f   MSVCRT:gs_support.obj
 0001:00001164       ___clean_type_info_names_internal 10002164 f   MSVCRT:MSVCR80.dll
 0001:0000116a       __unlock                   1000216a f   MSVCRT:MSVCR80.dll
 0001:00001170       ___dllonexit               10002170 f   MSVCRT:MSVCR80.dll
 0001:00001176       __lock                     10002176 f   MSVCRT:MSVCR80.dll
 0001:0000117c       @__security_check_cookie@4 1000217c f   MSVCRT:secchk.obj
 0001:0000118c       __except_handler4_common   1000218c f   MSVCRT:MSVCR80.dll
 0001:00001192       ___report_gsfailure        10002192 f   MSVCRT:gs_report.obj
 0001:00001296       __crt_debugger_hook        10002296 f   MSVCRT:MSVCR80.dll
 0002:00000000       __imp__IsDebuggerPresent@0 10003000     kernel32:KERNEL32.dll
 0002:00000004       __imp__SetUnhandledExceptionFilter@4 10003004     kernel32:KERNEL32.dll
 0002:00000008       __imp__UnhandledExceptionFilter@4 10003008     kernel32:KERNEL32.dll
 0002:0000000c       __imp__GetCurrentProcess@0 1000300c     kernel32:KERNEL32.dll
 0002:00000010       __imp__TerminateProcess@8  10003010     kernel32:KERNEL32.dll
 0002:00000014       __imp__GetSystemTimeAsFileTime@4 10003014     kernel32:KERNEL32.dll
 0002:00000018       __imp__GetCurrentProcessId@0 10003018     kernel32:KERNEL32.dll
 0002:0000001c       __imp__GetCurrentThreadId@0 1000301c     kernel32:KERNEL32.dll
 0002:00000020       __imp__GetTickCount@0      10003020     kernel32:KERNEL32.dll
 0002:00000024       __imp__QueryPerformanceCounter@4 10003024     kernel32:KERNEL32.dll
 0002:00000028       __imp__DisableThreadLibraryCalls@4 10003028     kernel32:KERNEL32.dll
 0002:0000002c       __imp__InterlockedCompareExchange@12 1000302c     kernel32:KERNEL32.dll
 0002:00000030       __imp__Sleep@4             10003030     kernel32:KERNEL32.dll
 0002:00000034       __imp__InterlockedExchange@8 10003034     kernel32:KERNEL32.dll
 0002:00000038       \177KERNEL32_NULL_THUNK_DATA 10003038     kernel32:KERNEL32.dll
 0002:0000003c       __imp___crt_debugger_hook  1000303c     MSVCRT:MSVCR80.dll
 0002:00000040       __imp___encode_pointer     10003040     MSVCRT:MSVCR80.dll
 0002:00000044       __imp___malloc_crt         10003044     MSVCRT:MSVCR80.dll
 0002:00000048       __imp__free                10003048     MSVCRT:MSVCR80.dll
 0002:0000004c       __imp___encoded_null       1000304c     MSVCRT:MSVCR80.dll
 0002:00000050       __imp___decode_pointer     10003050     MSVCRT:MSVCR80.dll
 0002:00000054       __imp___initterm           10003054     MSVCRT:MSVCR80.dll
 0002:00000058       __imp___initterm_e         10003058     MSVCRT:MSVCR80.dll
 0002:0000005c       __imp___amsg_exit          1000305c     MSVCRT:MSVCR80.dll
 0002:00000060       __imp___adjust_fdiv        10003060     MSVCRT:MSVCR80.dll
 0002:00000064       __imp____CppXcptFilter     10003064     MSVCRT:MSVCR80.dll
 0002:00000068       __imp____clean_type_info_names_internal 10003068     MSVCRT:MSVCR80.dll
 0002:0000006c       __imp___unlock             1000306c     MSVCRT:MSVCR80.dll
 0002:00000070       __imp____dllonexit         10003070     MSVCRT:MSVCR80.dll
 0002:00000074       __imp___lock               10003074     MSVCRT:MSVCR80.dll
 0002:00000078       __imp___onexit             10003078     MSVCRT:MSVCR80.dll
 0002:0000007c       __imp___except_handler4_common 1000307c     MSVCRT:MSVCR80.dll
 0002:00000080       \177MSVCR80_NULL_THUNK_DATA 10003080     MSVCRT:MSVCR80.dll
 0002:00000084       __imp__MEXERRMSGTXT        10003084     libmex:libmex.dll
 0002:00000088       \177libmex_NULL_THUNK_DATA 10003088     libmex:libmex.dll
 0002:0000008c       __imp__atan2               1000308c     libmmd:libmmd.dll
 0002:00000090       __imp__pow                 10003090     libmmd:libmmd.dll
 0002:00000094       __imp__cexp                10003094     libmmd:libmmd.dll
 0002:00000098       \177libmmd_NULL_THUNK_DATA 10003098     libmmd:libmmd.dll
 0002:0000009c       __imp__MXCOPYCOMPLEX16TOPTR700 1000309c     libmx:libmx.dll
 0002:000000a0       __imp__MXCOPYPTRTOREAL8700 100030a0     libmx:libmx.dll
 0002:000000a4       __imp__MXCOPYPTRTOCOMPLEX16700 100030a4     libmx:libmx.dll
 0002:000000a8       __imp__MXGETPI             100030a8     libmx:libmx.dll
 0002:000000ac       __imp__MXGETPR             100030ac     libmx:libmx.dll
 0002:000000b0       __imp__MXCREATEDOUBLEMATRIX700 100030b0     libmx:libmx.dll
 0002:000000b4       __imp__MXGETN700           100030b4     libmx:libmx.dll
 0002:000000b8       __imp__MXGETM700           100030b8     libmx:libmx.dll
 0002:000000bc       __imp__MXISNUMERIC         100030bc     libmx:libmx.dll
 0002:000000c0       __imp__MXISCOMPLEX         100030c0     libmx:libmx.dll
 0002:000000c4       \177libmx_NULL_THUNK_DATA  100030c4     libmx:libmx.dll
 0002:000000c8       ___xc_a                    100030c8     MSVCRT:cinitexe.obj
 0002:000000cc       ___xc_z                    100030cc     MSVCRT:cinitexe.obj
 0002:000000d0       ___xi_a                    100030d0     MSVCRT:cinitexe.obj
 0002:000000d8       ___xi_z                    100030d8     MSVCRT:cinitexe.obj
 0002:00000370       __pRawDllMain              10003370     MSVCRT:crtdll.obj
 0002:00000370       __pDefaultRawDllMain       10003370     MSVCRT:crtdll.obj
 0002:0000037c       ___rtc_iaa                 1000337c     MSVCRT:initsect.obj
 0002:00000380       ___rtc_izz                 10003380     MSVCRT:initsect.obj
 0002:00000384       ___rtc_taa                 10003384     MSVCRT:initsect.obj
 0002:00000388       ___rtc_tzz                 10003388     MSVCRT:initsect.obj
 0002:000003f4       __IMPORT_DESCRIPTOR_libmx  100033f4     libmx:libmx.dll
 0002:00000408       __IMPORT_DESCRIPTOR_libmex 10003408     libmex:libmex.dll
 0002:0000041c       __IMPORT_DESCRIPTOR_libmmd 1000341c     libmmd:libmmd.dll
 0002:00000430       __IMPORT_DESCRIPTOR_MSVCR80 10003430     MSVCRT:MSVCR80.dll
 0002:00000444       __IMPORT_DESCRIPTOR_KERNEL32 10003444     kernel32:KERNEL32.dll
 0002:00000458       __NULL_IMPORT_DESCRIPTOR   10003458     libmx:libmx.dll
 0003:00000000       ___native_dllmain_reason   10004000     MSVCRT:natstart.obj
 0003:00000004       ___native_vcclrit_reason   10004004     MSVCRT:natstart.obj
 0003:00000008       ___security_cookie         10004008     MSVCRT:gs_cookie.obj
 0003:0000000c       ___security_cookie_complement 1000400c     MSVCRT:gs_cookie.obj
 0003:00138884       __forceCRTManifest         1013c884     MSVCRT:crtmanifest.obj
 0003:00138888       ?__type_info_root_node@@3U__type_info_node@@A 1013c888     MSVCRT:tncleanup.obj
 0003:00138bb4       __adjust_fdiv              1013cbb4     <common>
 0003:00138bb8       ___native_startup_state    1013cbb8     <common>
 0003:00138bbc       ___native_startup_lock     1013cbbc     <common>
 0003:00138bc0       ___onexitend               1013cbc0     <common>
 0003:00138bc4       ___onexitbegin             1013cbc4     <common>
 0003:00138bc8       ___dyn_tls_init_callback   1013cbc8     <common>

 entry point at        0001:00000da6

 Static symbols

 0001:00000a80       _pre_c_init                10001a80 f   MSVCRT:crtdll.obj
 0001:00000c90       ___DllMainCRTStartup       10001c90 f   MSVCRT:crtdll.obj
